// Jest Snapshot v1, https://goo.gl/fbAQLP

exports[`GeolocationDisplay should render without throwing an error and match its empty snapshot 1`] = `
ShallowWrapper {
  "complexSelector": ComplexSelector {
    "buildPredicate": [Function],
    "childrenOfNode": [Function],
    "findWhereUnwrapped": [Function],
  },
  "length": 1,
  "node": <div>
    <ei
        color="link"
        onClick={[Function]}
        size="md"
        style={
            Object {
                "color": "red",
              }
        }
        tag="button"
    >
        <MdLocationOn
            size={18}
        />
    </ei>
    <ei
        backdrop={true}
        isOpen={false}
        keyboard={true}
        toggle={[Function]}
        zIndex={1050}
    >
        <Ln
            tag="h4"
            toggle={[Function]}
            wrapTag="div"
        >
            Geolocation Statistics
        </Ln>
        <Rn
            tag="div"
        >
            <div
                className="geolocation_statistics"
            >
                Coordinates:
                <ul>
                    <li>
                        Latitude: 
                        unknown
                    </li>
                    <li>
                        Longitude: 
                        unknown
                    </li>
                    <li>
                        Real: 
                        false
                    </li>
                    <li>
                        Changed: 
                        false
                    </li>
                    <li>
                        Changed (real): 
                        false
                    </li>
                </ul>
            </div>
            <div
                className="geolocation_statistics"
            >
                Statistics:
                <ul>
                    <li>
                        Nb refreshes: 
                    </li>
                    <li>
                        Nb different positions: 
                    </li>
                    <li>
                        Nb real positions: 
                    </li>
                    <li>
                        Nb estimated positions: 
                    </li>
                    <li>
                        Nb closed positions: 
                    </li>
                </ul>
            </div>
            <div
                className="geolocation_statistics"
            >
                Simulation:
                <Connect(TestDisplayPositionFromStore)
                    onClick={[Function]}
                />
            </div>
        </Rn>
    </ei>
</div>,
  "nodes": Array [
    <div>
      <ei
            color="link"
            onClick={[Function]}
            size="md"
            style={
                  Object {
                        "color": "red",
                      }
            }
            tag="button"
      >
            <MdLocationOn
                  size={18}
            />
      </ei>
      <ei
            backdrop={true}
            isOpen={false}
            keyboard={true}
            toggle={[Function]}
            zIndex={1050}
      >
            <Ln
                  tag="h4"
                  toggle={[Function]}
                  wrapTag="div"
            >
                  Geolocation Statistics
            </Ln>
            <Rn
                  tag="div"
            >
                  <div
                        className="geolocation_statistics"
                  >
                        Coordinates:
                        <ul>
                              <li>
                                    Latitude: 
                                    unknown
                              </li>
                              <li>
                                    Longitude: 
                                    unknown
                              </li>
                              <li>
                                    Real: 
                                    false
                              </li>
                              <li>
                                    Changed: 
                                    false
                              </li>
                              <li>
                                    Changed (real): 
                                    false
                              </li>
                        </ul>
                  </div>
                  <div
                        className="geolocation_statistics"
                  >
                        Statistics:
                        <ul>
                              <li>
                                    Nb refreshes: 
                              </li>
                              <li>
                                    Nb different positions: 
                              </li>
                              <li>
                                    Nb real positions: 
                              </li>
                              <li>
                                    Nb estimated positions: 
                              </li>
                              <li>
                                    Nb closed positions: 
                              </li>
                        </ul>
                  </div>
                  <div
                        className="geolocation_statistics"
                  >
                        Simulation:
                        <Connect(TestDisplayPositionFromStore)
                              onClick={[Function]}
                        />
                  </div>
            </Rn>
      </ei>
</div>,
  ],
  "options": Object {},
  "renderer": ReactShallowRenderer {
    "_instance": ShallowComponentWrapper {
      "_calledComponentWillUnmount": false,
      "_compositeType": 0,
      "_context": Object {},
      "_currentElement": <GeolocationDisplay
        coordinates={
                Object {
                        "real": false,
                      }
        }
/>,
      "_debugID": 1,
      "_hostContainerInfo": null,
      "_hostParent": null,
      "_instance": GeolocationDisplay {
        "_reactInternalInstance": [Circular],
        "context": Object {},
        "props": Object {
          "coordinates": Object {
            "real": false,
          },
        },
        "refs": Object {},
        "render": [Function],
        "state": Object {
          "statisticsOpen": false,
        },
        "toggle": [Function],
        "updater": Object {
          "enqueueCallback": [Function],
          "enqueueCallbackInternal": [Function],
          "enqueueElementInternal": [Function],
          "enqueueForceUpdate": [Function],
          "enqueueReplaceState": [Function],
          "enqueueSetState": [Function],
          "isMounted": [Function],
          "validateCallback": [Function],
        },
      },
      "_mountOrder": 1,
      "_pendingCallbacks": null,
      "_pendingElement": null,
      "_pendingForceUpdate": false,
      "_pendingReplaceState": false,
      "_pendingStateQueue": null,
      "_renderedComponent": NoopInternalComponent {
        "_currentElement": <div>
          <ei
                    color="link"
                    onClick={[Function]}
                    size="md"
                    style={
                              Object {
                                        "color": "red",
                                      }
                    }
                    tag="button"
          >
                    <MdLocationOn
                              size={18}
                    />
          </ei>
          <ei
                    backdrop={true}
                    isOpen={false}
                    keyboard={true}
                    toggle={[Function]}
                    zIndex={1050}
          >
                    <Ln
                              tag="h4"
                              toggle={[Function]}
                              wrapTag="div"
                    >
                              Geolocation Statistics
                    </Ln>
                    <Rn
                              tag="div"
                    >
                              <div
                                        className="geolocation_statistics"
                              >
                                        Coordinates:
                                        <ul>
                                                  <li>
                                                            Latitude: 
                                                            unknown
                                                  </li>
                                                  <li>
                                                            Longitude: 
                                                            unknown
                                                  </li>
                                                  <li>
                                                            Real: 
                                                            false
                                                  </li>
                                                  <li>
                                                            Changed: 
                                                            false
                                                  </li>
                                                  <li>
                                                            Changed (real): 
                                                            false
                                                  </li>
                                        </ul>
                              </div>
                              <div
                                        className="geolocation_statistics"
                              >
                                        Statistics:
                                        <ul>
                                                  <li>
                                                            Nb refreshes: 
                                                  </li>
                                                  <li>
                                                            Nb different positions: 
                                                  </li>
                                                  <li>
                                                            Nb real positions: 
                                                  </li>
                                                  <li>
                                                            Nb estimated positions: 
                                                  </li>
                                                  <li>
                                                            Nb closed positions: 
                                                  </li>
                                        </ul>
                              </div>
                              <div
                                        className="geolocation_statistics"
                              >
                                        Simulation:
                                        <Connect(TestDisplayPositionFromStore)
                                                  onClick={[Function]}
                                        />
                              </div>
                    </Rn>
          </ei>
</div>,
        "_debugID": 2,
        "_renderedOutput": <div>
          <ei
                    color="link"
                    onClick={[Function]}
                    size="md"
                    style={
                              Object {
                                        "color": "red",
                                      }
                    }
                    tag="button"
          >
                    <MdLocationOn
                              size={18}
                    />
          </ei>
          <ei
                    backdrop={true}
                    isOpen={false}
                    keyboard={true}
                    toggle={[Function]}
                    zIndex={1050}
          >
                    <Ln
                              tag="h4"
                              toggle={[Function]}
                              wrapTag="div"
                    >
                              Geolocation Statistics
                    </Ln>
                    <Rn
                              tag="div"
                    >
                              <div
                                        className="geolocation_statistics"
                              >
                                        Coordinates:
                                        <ul>
                                                  <li>
                                                            Latitude: 
                                                            unknown
                                                  </li>
                                                  <li>
                                                            Longitude: 
                                                            unknown
                                                  </li>
                                                  <li>
                                                            Real: 
                                                            false
                                                  </li>
                                                  <li>
                                                            Changed: 
                                                            false
                                                  </li>
                                                  <li>
                                                            Changed (real): 
                                                            false
                                                  </li>
                                        </ul>
                              </div>
                              <div
                                        className="geolocation_statistics"
                              >
                                        Statistics:
                                        <ul>
                                                  <li>
                                                            Nb refreshes: 
                                                  </li>
                                                  <li>
                                                            Nb different positions: 
                                                  </li>
                                                  <li>
                                                            Nb real positions: 
                                                  </li>
                                                  <li>
                                                            Nb estimated positions: 
                                                  </li>
                                                  <li>
                                                            Nb closed positions: 
                                                  </li>
                                        </ul>
                              </div>
                              <div
                                        className="geolocation_statistics"
                              >
                                        Simulation:
                                        <Connect(TestDisplayPositionFromStore)
                                                  onClick={[Function]}
                                        />
                              </div>
                    </Rn>
          </ei>
</div>,
      },
      "_renderedNodeType": 0,
      "_rootNodeID": 0,
      "_topLevelWrapper": null,
      "_updateBatchNumber": null,
      "_warnedAboutRefsInRender": false,
    },
    "getRenderOutput": [Function],
    "render": [Function],
  },
  "root": [Circular],
  "unrendered": <GeolocationDisplay
    coordinates={
        Object {
            "real": false,
          }
    }
/>,
}
`;
