// Jest Snapshot v1, https://goo.gl/fbAQLP

exports[`ItemImage should match its empty snapshot 1`] = `null`;
